127.0.0.1 - - [25/Oct/2020:16:05:06 +0000] "GET / HTTP/1.1" 200 56 "-" "Wget/1.19.4 (linux-gnu)"
192.168.56.1 - - [25/Oct/2020:16:05:09 +0000] "GET / HTTP/1.1" 200 56 "-" "Mozilla/5.0 (Windows NT 10.0; Win64; x64) AppleWebKit/537.36 (KHTML, like Gecko) Chrome/86.0.4240.111 Safari/537.36"
192.168.56.1 - - [25/Oct/2020:16:05:09 +0000] "GET /zentao/ HTTP/1.1" 200 140 "http://192.168.56.101/" "Mozilla/5.0 (Windows NT 10.0; Win64; x64) AppleWebKit/537.36 (KHTML, like Gecko) Chrome/86.0.4240.111 Safari/537.36"
192.168.56.1 - - [25/Oct/2020:16:05:09 +0000] "GET /zentao/user-login-L3plbnRhby8=.html HTTP/1.1" 200 3484 "http://192.168.56.101/zentao/" "Mozilla/5.0 (Windows NT 10.0; Win64; x64) AppleWebKit/537.36 (KHTML, like Gecko) Chrome/86.0.4240.111 Safari/537.36"
192.168.56.1 - - [25/Oct/2020:16:05:10 +0000] "GET /zentao/cron-ajaxExec-0.html HTTP/1.1" 200 167 "http://192.168.56.101/zentao/user-login-L3plbnRhby8=.html" "Mozilla/5.0 (Windows NT 10.0; Win64; x64) AppleWebKit/537.36 (KHTML, like Gecko) Chrome/86.0.4240.111 Safari/537.36"
192.168.56.1 - - [25/Oct/2020:16:05:10 +0000] "GET /zentao/misc-checkUpdate-.html HTTP/1.1" 200 191 "http://192.168.56.101/zentao/user-login-L3plbnRhby8=.html" "Mozilla/5.0 (Windows NT 10.0; Win64; x64) AppleWebKit/537.36 (KHTML, like Gecko) Chrome/86.0.4240.111 Safari/537.36"
192.168.56.1 - - [25/Oct/2020:16:05:18 +0000] "POST /zentao/user-login.html HTTP/1.1" 200 139 "http://192.168.56.101/zentao/user-login-L3plbnRhby8=.html" "Mozilla/5.0 (Windows NT 10.0; Win64; x64) AppleWebKit/537.36 (KHTML, like Gecko) Chrome/86.0.4240.111 Safari/537.36"
192.168.56.1 - - [25/Oct/2020:16:05:25 +0000] "POST /zentao/user-login.html HTTP/1.1" 200 139 "http://192.168.56.101/zentao/user-login-L3plbnRhby8=.html" "Mozilla/5.0 (Windows NT 10.0; Win64; x64) AppleWebKit/537.36 (KHTML, like Gecko) Chrome/86.0.4240.111 Safari/537.36"
192.168.56.1 - - [25/Oct/2020:16:05:30 +0000] "POST /zentao/user-login.html HTTP/1.1" 200 139 "http://192.168.56.101/zentao/user-login-L3plbnRhby8=.html" "Mozilla/5.0 (Windows NT 10.0; Win64; x64) AppleWebKit/537.36 (KHTML, like Gecko) Chrome/86.0.4240.111 Safari/537.36"
127.0.0.1 - - [25/Oct/2020:16:05:31 +0000] "GET / HTTP/1.1" 200 56 "-" "Wget/1.19.4 (linux-gnu)"
192.168.56.1 - - [25/Oct/2020:16:05:32 +0000] "GET /zentao/user-login-L3plbnRhby8=.html HTTP/1.1" 200 3482 "http://192.168.56.101/zentao/" "Mozilla/5.0 (Windows NT 10.0; Win64; x64) AppleWebKit/537.36 (KHTML, like Gecko) Chrome/86.0.4240.111 Safari/537.36"
192.168.56.1 - - [25/Oct/2020:16:05:32 +0000] "GET /zentao/cron-ajaxExec-0.html HTTP/1.1" 200 167 "http://192.168.56.101/zentao/user-login-L3plbnRhby8=.html" "Mozilla/5.0 (Windows NT 10.0; Win64; x64) AppleWebKit/537.36 (KHTML, like Gecko) Chrome/86.0.4240.111 Safari/537.36"
192.168.56.1 - - [25/Oct/2020:16:05:32 +0000] "GET /zentao/misc-checkUpdate-.html HTTP/1.1" 200 191 "http://192.168.56.101/zentao/user-login-L3plbnRhby8=.html" "Mozilla/5.0 (Windows NT 10.0; Win64; x64) AppleWebKit/537.36 (KHTML, like Gecko) Chrome/86.0.4240.111 Safari/537.36"
192.168.56.1 - - [25/Oct/2020:16:05:36 +0000] "GET /zentao/favicon.ico HTTP/1.1" 200 117137 "http://192.168.56.101/zentao/user-login-L3plbnRhby8=.html" "Mozilla/5.0 (Windows NT 10.0; Win64; x64) AppleWebKit/537.36 (KHTML, like Gecko) Chrome/86.0.4240.111 Safari/537.36"
127.0.0.1 - - [25/Oct/2020:16:05:36 +0000] "GET / HTTP/1.1" 200 56 "-" "Wget/1.19.4 (linux-gnu)"
192.168.56.1 - - [25/Oct/2020:16:05:41 +0000] "POST /zentao/user-login.html HTTP/1.1" 200 139 "http://192.168.56.101/zentao/user-login-L3plbnRhby8=.html" "Mozilla/5.0 (Windows NT 10.0; Win64; x64) AppleWebKit/537.36 (KHTML, like Gecko) Chrome/86.0.4240.111 Safari/537.36"
192.168.56.1 - - [25/Oct/2020:16:05:49 +0000] "GET /zentao/score-ajax-selectLang.html HTTP/1.1" 200 176 "http://192.168.56.101/zentao/user-login-L3plbnRhby8=.html" "Mozilla/5.0 (Windows NT 10.0; Win64; x64) AppleWebKit/537.36 (KHTML, like Gecko) Chrome/86.0.4240.111 Safari/537.36"
192.168.56.1 - - [25/Oct/2020:16:05:49 +0000] "GET /zentao/user-login-L3plbnRhby8=.html HTTP/1.1" 200 3356 "http://192.168.56.101/zentao/user-login-L3plbnRhby8=.html" "Mozilla/5.0 (Windows NT 10.0; Win64; x64) AppleWebKit/537.36 (KHTML, like Gecko) Chrome/86.0.4240.111 Safari/537.36"
192.168.56.1 - - [25/Oct/2020:16:05:49 +0000] "GET /zentao/theme/default/images/main/zt-logo-en.png HTTP/1.1" 200 10531 "http://192.168.56.101/zentao/user-login-L3plbnRhby8=.html" "Mozilla/5.0 (Windows NT 10.0; Win64; x64) AppleWebKit/537.36 (KHTML, like Gecko) Chrome/86.0.4240.111 Safari/537.36"
192.168.56.1 - - [25/Oct/2020:16:05:49 +0000] "GET /zentao/theme/default/en.default.css?v=12.3.2 HTTP/1.1" 200 36690 "http://192.168.56.101/zentao/user-login-L3plbnRhby8=.html" "Mozilla/5.0 (Windows NT 10.0; Win64; x64) AppleWebKit/537.36 (KHTML, like Gecko) Chrome/86.0.4240.111 Safari/537.36"
192.168.56.1 - - [25/Oct/2020:16:05:49 +0000] "GET /zentao/cron-ajaxExec-0.html HTTP/1.1" 200 167 "http://192.168.56.101/zentao/user-login-L3plbnRhby8=.html" "Mozilla/5.0 (Windows NT 10.0; Win64; x64) AppleWebKit/537.36 (KHTML, like Gecko) Chrome/86.0.4240.111 Safari/537.36"
192.168.56.1 - - [25/Oct/2020:16:05:49 +0000] "GET /zentao/misc-checkUpdate-.html HTTP/1.1" 200 191 "http://192.168.56.101/zentao/user-login-L3plbnRhby8=.html" "Mozilla/5.0 (Windows NT 10.0; Win64; x64) AppleWebKit/537.36 (KHTML, like Gecko) Chrome/86.0.4240.111 Safari/537.36"
192.168.56.1 - - [25/Oct/2020:16:05:58 +0000] "POST /zentao/user-login.html HTTP/1.1" 200 96 "http://192.168.56.101/zentao/user-login-L3plbnRhby8=.html" "Mozilla/5.0 (Windows NT 10.0; Win64; x64) AppleWebKit/537.36 (KHTML, like Gecko) Chrome/86.0.4240.111 Safari/537.36"
127.0.0.1 - - [25/Oct/2020:16:06:06 +0000] "GET / HTTP/1.1" 200 56 "-" "Wget/1.19.4 (linux-gnu)"
127.0.0.1 - - [25/Oct/2020:16:06:17 +0000] "GET / HTTP/1.1" 200 56 "-" "Wget/1.19.4 (linux-gnu)"
127.0.0.1 - - [25/Oct/2020:16:06:36 +0000] "GET / HTTP/1.1" 200 56 "-" "Wget/1.19.4 (linux-gnu)"
127.0.0.1 - - [25/Oct/2020:16:07:02 +0000] "GET / HTTP/1.1" 200 56 "-" "Wget/1.19.4 (linux-gnu)"
127.0.0.1 - - [25/Oct/2020:16:07:06 +0000] "GET / HTTP/1.1" 200 56 "-" "Wget/1.19.4 (linux-gnu)"
192.168.56.1 - - [25/Oct/2020:16:07:17 +0000] "GET /zentao/user-reset.html HTTP/1.1" 200 1904 "http://192.168.56.101/zentao/user-login-L3plbnRhby8=.html" "Mozilla/5.0 (Windows NT 10.0; Win64; x64) AppleWebKit/537.36 (KHTML, like Gecko) Chrome/86.0.4240.111 Safari/537.36"
192.168.56.1 - - [25/Oct/2020:16:07:17 +0000] "GET /zentao/cron-ajaxExec-0.html HTTP/1.1" 200 167 "http://192.168.56.101/zentao/user-reset.html" "Mozilla/5.0 (Windows NT 10.0; Win64; x64) AppleWebKit/537.36 (KHTML, like Gecko) Chrome/86.0.4240.111 Safari/537.36"
127.0.0.1 - - [25/Oct/2020:16:07:36 +0000] "GET / HTTP/1.1" 200 56 "-" "Wget/1.19.4 (linux-gnu)"
127.0.0.1 - - [25/Oct/2020:16:07:47 +0000] "GET / HTTP/1.1" 200 56 "-" "Wget/1.19.4 (linux-gnu)"
127.0.0.1 - - [25/Oct/2020:16:08:06 +0000] "GET / HTTP/1.1" 200 56 "-" "Wget/1.19.4 (linux-gnu)"
127.0.0.1 - - [25/Oct/2020:16:08:32 +0000] "GET / HTTP/1.1" 200 56 "-" "Wget/1.19.4 (linux-gnu)"
127.0.0.1 - - [25/Oct/2020:16:08:36 +0000] "GET / HTTP/1.1" 200 56 "-" "Wget/1.19.4 (linux-gnu)"
127.0.0.1 - - [25/Oct/2020:16:09:06 +0000] "GET / HTTP/1.1" 200 56 "-" "Wget/1.19.4 (linux-gnu)"
127.0.0.1 - - [25/Oct/2020:16:09:17 +0000] "GET / HTTP/1.1" 200 56 "-" "Wget/1.19.4 (linux-gnu)"
127.0.0.1 - - [25/Oct/2020:16:09:36 +0000] "GET / HTTP/1.1" 200 56 "-" "Wget/1.19.4 (linux-gnu)"
127.0.0.1 - - [25/Oct/2020:16:10:02 +0000] "GET / HTTP/1.1" 200 56 "-" "Wget/1.19.4 (linux-gnu)"
127.0.0.1 - - [25/Oct/2020:16:10:06 +0000] "GET / HTTP/1.1" 200 56 "-" "Wget/1.19.4 (linux-gnu)"
127.0.0.1 - - [25/Oct/2020:16:10:36 +0000] "GET / HTTP/1.1" 200 56 "-" "Wget/1.19.4 (linux-gnu)"
127.0.0.1 - - [25/Oct/2020:16:10:48 +0000] "GET / HTTP/1.1" 200 56 "-" "Wget/1.19.4 (linux-gnu)"
127.0.0.1 - - [25/Oct/2020:16:11:06 +0000] "GET / HTTP/1.1" 200 56 "-" "Wget/1.19.4 (linux-gnu)"
127.0.0.1 - - [25/Oct/2020:16:11:33 +0000] "GET / HTTP/1.1" 200 56 "-" "Wget/1.19.4 (linux-gnu)"
127.0.0.1 - - [25/Oct/2020:16:11:36 +0000] "GET / HTTP/1.1" 200 56 "-" "Wget/1.19.4 (linux-gnu)"
192.168.56.1 - - [25/Oct/2020:16:11:55 +0000] "POST /zentao/user-login.html HTTP/1.1" 200 96 "http://192.168.56.101/zentao/user-login-L3plbnRhby8=.html" "Mozilla/5.0 (Windows NT 10.0; Win64; x64) AppleWebKit/537.36 (KHTML, like Gecko) Chrome/86.0.4240.111 Safari/537.36"
127.0.0.1 - - [25/Oct/2020:16:12:06 +0000] "GET / HTTP/1.1" 200 56 "-" "Wget/1.19.4 (linux-gnu)"
127.0.0.1 - - [25/Oct/2020:16:12:18 +0000] "GET / HTTP/1.1" 200 56 "-" "Wget/1.19.4 (linux-gnu)"
127.0.0.1 - - [25/Oct/2020:16:12:36 +0000] "GET / HTTP/1.1" 200 56 "-" "Wget/1.19.4 (linux-gnu)"
127.0.0.1 - - [25/Oct/2020:16:13:03 +0000] "GET / HTTP/1.1" 200 56 "-" "Wget/1.19.4 (linux-gnu)"
127.0.0.1 - - [25/Oct/2020:16:13:06 +0000] "GET / HTTP/1.1" 200 56 "-" "Wget/1.19.4 (linux-gnu)"
127.0.0.1 - - [25/Oct/2020:16:13:36 +0000] "GET / HTTP/1.1" 200 56 "-" "Wget/1.19.4 (linux-gnu)"
127.0.0.1 - - [25/Oct/2020:16:13:48 +0000] "GET / HTTP/1.1" 200 56 "-" "Wget/1.19.4 (linux-gnu)"
127.0.0.1 - - [25/Oct/2020:16:14:06 +0000] "GET / HTTP/1.1" 200 56 "-" "Wget/1.19.4 (linux-gnu)"
127.0.0.1 - - [25/Oct/2020:16:14:33 +0000] "GET / HTTP/1.1" 200 56 "-" "Wget/1.19.4 (linux-gnu)"
127.0.0.1 - - [25/Oct/2020:16:14:36 +0000] "GET / HTTP/1.1" 200 56 "-" "Wget/1.19.4 (linux-gnu)"
127.0.0.1 - - [25/Oct/2020:16:15:06 +0000] "GET / HTTP/1.1" 200 56 "-" "Wget/1.19.4 (linux-gnu)"
127.0.0.1 - - [25/Oct/2020:16:15:19 +0000] "GET / HTTP/1.1" 200 56 "-" "Wget/1.19.4 (linux-gnu)"
127.0.0.1 - - [25/Oct/2020:16:15:36 +0000] "GET / HTTP/1.1" 200 56 "-" "Wget/1.19.4 (linux-gnu)"
127.0.0.1 - - [25/Oct/2020:16:16:04 +0000] "GET / HTTP/1.1" 200 56 "-" "Wget/1.19.4 (linux-gnu)"
127.0.0.1 - - [25/Oct/2020:16:16:06 +0000] "GET / HTTP/1.1" 200 56 "-" "Wget/1.19.4 (linux-gnu)"
127.0.0.1 - - [25/Oct/2020:16:16:36 +0000] "GET / HTTP/1.1" 200 56 "-" "Wget/1.19.4 (linux-gnu)"
127.0.0.1 - - [25/Oct/2020:16:16:49 +0000] "GET / HTTP/1.1" 200 56 "-" "Wget/1.19.4 (linux-gnu)"
127.0.0.1 - - [25/Oct/2020:16:17:06 +0000] "GET / HTTP/1.1" 200 56 "-" "Wget/1.19.4 (linux-gnu)"
127.0.0.1 - - [25/Oct/2020:16:17:34 +0000] "GET / HTTP/1.1" 200 56 "-" "Wget/1.19.4 (linux-gnu)"
127.0.0.1 - - [25/Oct/2020:16:17:36 +0000] "GET / HTTP/1.1" 200 56 "-" "Wget/1.19.4 (linux-gnu)"
127.0.0.1 - - [25/Oct/2020:16:18:06 +0000] "GET / HTTP/1.1" 200 56 "-" "Wget/1.19.4 (linux-gnu)"
127.0.0.1 - - [25/Oct/2020:16:18:19 +0000] "GET / HTTP/1.1" 200 56 "-" "Wget/1.19.4 (linux-gnu)"
127.0.0.1 - - [25/Oct/2020:16:18:36 +0000] "GET / HTTP/1.1" 200 56 "-" "Wget/1.19.4 (linux-gnu)"
127.0.0.1 - - [25/Oct/2020:16:19:04 +0000] "GET / HTTP/1.1" 200 56 "-" "Wget/1.19.4 (linux-gnu)"
127.0.0.1 - - [25/Oct/2020:16:19:06 +0000] "GET / HTTP/1.1" 200 56 "-" "Wget/1.19.4 (linux-gnu)"
127.0.0.1 - - [25/Oct/2020:16:19:36 +0000] "GET / HTTP/1.1" 200 56 "-" "Wget/1.19.4 (linux-gnu)"
127.0.0.1 - - [25/Oct/2020:16:19:49 +0000] "GET / HTTP/1.1" 200 56 "-" "Wget/1.19.4 (linux-gnu)"
127.0.0.1 - - [25/Oct/2020:16:20:06 +0000] "GET / HTTP/1.1" 200 56 "-" "Wget/1.19.4 (linux-gnu)"
127.0.0.1 - - [25/Oct/2020:16:20:35 +0000] "GET / HTTP/1.1" 200 56 "-" "Wget/1.19.4 (linux-gnu)"
127.0.0.1 - - [25/Oct/2020:16:20:36 +0000] "GET / HTTP/1.1" 200 56 "-" "Wget/1.19.4 (linux-gnu)"
127.0.0.1 - - [25/Oct/2020:16:21:06 +0000] "GET / HTTP/1.1" 200 56 "-" "Wget/1.19.4 (linux-gnu)"
127.0.0.1 - - [25/Oct/2020:16:21:20 +0000] "GET / HTTP/1.1" 200 56 "-" "Wget/1.19.4 (linux-gnu)"
127.0.0.1 - - [25/Oct/2020:16:21:36 +0000] "GET / HTTP/1.1" 200 56 "-" "Wget/1.19.4 (linux-gnu)"
127.0.0.1 - - [25/Oct/2020:16:22:05 +0000] "GET / HTTP/1.1" 200 56 "-" "Wget/1.19.4 (linux-gnu)"
127.0.0.1 - - [25/Oct/2020:16:22:06 +0000] "GET / HTTP/1.1" 200 56 "-" "Wget/1.19.4 (linux-gnu)"
127.0.0.1 - - [25/Oct/2020:16:22:36 +0000] "GET / HTTP/1.1" 200 56 "-" "Wget/1.19.4 (linux-gnu)"
127.0.0.1 - - [25/Oct/2020:16:22:50 +0000] "GET / HTTP/1.1" 200 56 "-" "Wget/1.19.4 (linux-gnu)"
192.168.56.1 - - [25/Oct/2020:16:23:02 +0000] "GET /zentao/user-reset.html HTTP/1.1" 200 1904 "http://192.168.56.101/zentao/user-login-L3plbnRhby8=.html" "Mozilla/5.0 (Windows NT 10.0; Win64; x64) AppleWebKit/537.36 (KHTML, like Gecko) Chrome/86.0.4240.111 Safari/537.36"
192.168.56.1 - - [25/Oct/2020:16:23:02 +0000] "GET /zentao/cron-ajaxExec-0.html HTTP/1.1" 200 167 "http://192.168.56.101/zentao/user-reset.html" "Mozilla/5.0 (Windows NT 10.0; Win64; x64) AppleWebKit/537.36 (KHTML, like Gecko) Chrome/86.0.4240.111 Safari/537.36"
127.0.0.1 - - [25/Oct/2020:16:23:06 +0000] "GET / HTTP/1.1" 200 56 "-" "Wget/1.19.4 (linux-gnu)"
192.168.56.1 - - [25/Oct/2020:16:23:17 +0000] "POST /zentao/user-login.html HTTP/1.1" 200 96 "http://192.168.56.101/zentao/user-login-L3plbnRhby8=.html" "Mozilla/5.0 (Windows NT 10.0; Win64; x64) AppleWebKit/537.36 (KHTML, like Gecko) Chrome/86.0.4240.111 Safari/537.36"
127.0.0.1 - - [25/Oct/2020:16:23:35 +0000] "GET / HTTP/1.1" 200 56 "-" "Wget/1.19.4 (linux-gnu)"
127.0.0.1 - - [25/Oct/2020:16:23:36 +0000] "GET / HTTP/1.1" 200 56 "-" "Wget/1.19.4 (linux-gnu)"
127.0.0.1 - - [25/Oct/2020:16:24:06 +0000] "GET / HTTP/1.1" 200 56 "-" "Wget/1.19.4 (linux-gnu)"
127.0.0.1 - - [25/Oct/2020:16:24:20 +0000] "GET / HTTP/1.1" 200 56 "-" "Wget/1.19.4 (linux-gnu)"
127.0.0.1 - - [25/Oct/2020:16:24:36 +0000] "GET / HTTP/1.1" 200 56 "-" "Wget/1.19.4 (linux-gnu)"
127.0.0.1 - - [25/Oct/2020:16:25:05 +0000] "GET / HTTP/1.1" 200 56 "-" "Wget/1.19.4 (linux-gnu)"
127.0.0.1 - - [25/Oct/2020:16:25:06 +0000] "GET / HTTP/1.1" 200 56 "-" "Wget/1.19.4 (linux-gnu)"
127.0.0.1 - - [25/Oct/2020:16:25:36 +0000] "GET / HTTP/1.1" 200 56 "-" "Wget/1.19.4 (linux-gnu)"
127.0.0.1 - - [25/Oct/2020:16:25:51 +0000] "GET / HTTP/1.1" 200 56 "-" "Wget/1.19.4 (linux-gnu)"
127.0.0.1 - - [25/Oct/2020:16:26:06 +0000] "GET / HTTP/1.1" 200 56 "-" "Wget/1.19.4 (linux-gnu)"
127.0.0.1 - - [25/Oct/2020:16:26:36 +0000] "GET / HTTP/1.1" 200 56 "-" "Wget/1.19.4 (linux-gnu)"
127.0.0.1 - - [25/Oct/2020:16:26:37 +0000] "GET / HTTP/1.1" 200 56 "-" "Wget/1.19.4 (linux-gnu)"
127.0.0.1 - - [25/Oct/2020:16:27:07 +0000] "GET / HTTP/1.1" 200 56 "-" "Wget/1.19.4 (linux-gnu)"
127.0.0.1 - - [25/Oct/2020:16:27:21 +0000] "GET / HTTP/1.1" 200 56 "-" "Wget/1.19.4 (linux-gnu)"
127.0.0.1 - - [25/Oct/2020:16:27:37 +0000] "GET / HTTP/1.1" 200 56 "-" "Wget/1.19.4 (linux-gnu)"
127.0.0.1 - - [25/Oct/2020:16:28:06 +0000] "GET / HTTP/1.1" 200 56 "-" "Wget/1.19.4 (linux-gnu)"
127.0.0.1 - - [25/Oct/2020:16:28:07 +0000] "GET / HTTP/1.1" 200 56 "-" "Wget/1.19.4 (linux-gnu)"
127.0.0.1 - - [25/Oct/2020:16:28:37 +0000] "GET / HTTP/1.1" 200 56 "-" "Wget/1.19.4 (linux-gnu)"
127.0.0.1 - - [25/Oct/2020:16:28:51 +0000] "GET / HTTP/1.1" 200 56 "-" "Wget/1.19.4 (linux-gnu)"
127.0.0.1 - - [25/Oct/2020:16:29:07 +0000] "GET / HTTP/1.1" 200 56 "-" "Wget/1.19.4 (linux-gnu)"
127.0.0.1 - - [25/Oct/2020:16:29:36 +0000] "GET / HTTP/1.1" 200 56 "-" "Wget/1.19.4 (linux-gnu)"
127.0.0.1 - - [25/Oct/2020:16:29:37 +0000] "GET / HTTP/1.1" 200 56 "-" "Wget/1.19.4 (linux-gnu)"
192.168.56.1 - - [25/Oct/2020:16:29:51 +0000] "POST /zentao/user-login.html HTTP/1.1" 200 96 "http://192.168.56.101/zentao/user-login-L3plbnRhby8=.html" "Mozilla/5.0 (Windows NT 10.0; Win64; x64) AppleWebKit/537.36 (KHTML, like Gecko) Chrome/86.0.4240.111 Safari/537.36"
127.0.0.1 - - [25/Oct/2020:16:30:07 +0000] "GET / HTTP/1.1" 200 56 "-" "Wget/1.19.4 (linux-gnu)"
127.0.0.1 - - [25/Oct/2020:16:30:21 +0000] "GET / HTTP/1.1" 200 56 "-" "Wget/1.19.4 (linux-gnu)"
127.0.0.1 - - [25/Oct/2020:16:30:37 +0000] "GET / HTTP/1.1" 200 56 "-" "Wget/1.19.4 (linux-gnu)"
127.0.0.1 - - [25/Oct/2020:16:31:07 +0000] "GET / HTTP/1.1" 200 56 "-" "Wget/1.19.4 (linux-gnu)"
127.0.0.1 - - [25/Oct/2020:16:31:07 +0000] "GET / HTTP/1.1" 200 56 "-" "Wget/1.19.4 (linux-gnu)"
127.0.0.1 - - [25/Oct/2020:16:31:37 +0000] "GET / HTTP/1.1" 200 56 "-" "Wget/1.19.4 (linux-gnu)"
127.0.0.1 - - [25/Oct/2020:16:31:52 +0000] "GET / HTTP/1.1" 200 56 "-" "Wget/1.19.4 (linux-gnu)"
127.0.0.1 - - [25/Oct/2020:16:32:07 +0000] "GET / HTTP/1.1" 200 56 "-" "Wget/1.19.4 (linux-gnu)"
192.168.56.1 - - [25/Oct/2020:16:32:15 +0000] "POST /zentao/user-login.html HTTP/1.1" 200 42 "http://192.168.56.101/zentao/user-login-L3plbnRhby8=.html" "Mozilla/5.0 (Windows NT 10.0; Win64; x64) AppleWebKit/537.36 (KHTML, like Gecko) Chrome/86.0.4240.111 Safari/537.36"
192.168.56.1 - - [25/Oct/2020:16:32:16 +0000] "GET /zentao/ HTTP/1.1" 200 131 "http://192.168.56.101/zentao/user-login-L3plbnRhby8=.html" "Mozilla/5.0 (Windows NT 10.0; Win64; x64) AppleWebKit/537.36 (KHTML, like Gecko) Chrome/86.0.4240.111 Safari/537.36"
192.168.56.1 - - [25/Oct/2020:16:32:16 +0000] "GET /zentao/my-changepassword.html HTTP/1.1" 200 4721 "http://192.168.56.101/zentao/" "Mozilla/5.0 (Windows NT 10.0; Win64; x64) AppleWebKit/537.36 (KHTML, like Gecko) Chrome/86.0.4240.111 Safari/537.36"
192.168.56.1 - - [25/Oct/2020:16:32:16 +0000] "GET /zentao/cron-ajaxExec-0.html HTTP/1.1" 200 131 "http://192.168.56.101/zentao/my-changepassword.html" "Mozilla/5.0 (Windows NT 10.0; Win64; x64) AppleWebKit/537.36 (KHTML, like Gecko) Chrome/86.0.4240.111 Safari/537.36"
127.0.0.1 - - [25/Oct/2020:16:32:37 +0000] "GET / HTTP/1.1" 200 56 "-" "Wget/1.19.4 (linux-gnu)"
192.168.56.1 - - [25/Oct/2020:16:32:37 +0000] "GET /zentao/my/ HTTP/1.1" 200 131 "http://192.168.56.101/zentao/my-changepassword.html" "Mozilla/5.0 (Windows NT 10.0; Win64; x64) AppleWebKit/537.36 (KHTML, like Gecko) Chrome/86.0.4240.111 Safari/537.36"
127.0.0.1 - - [25/Oct/2020:16:32:37 +0000] "GET / HTTP/1.1" 200 56 "-" "Wget/1.19.4 (linux-gnu)"
192.168.56.1 - - [25/Oct/2020:16:32:37 +0000] "GET /zentao/my-changepassword.html HTTP/1.1" 200 4719 "http://192.168.56.101/zentao/my/" "Mozilla/5.0 (Windows NT 10.0; Win64; x64) AppleWebKit/537.36 (KHTML, like Gecko) Chrome/86.0.4240.111 Safari/537.36"
192.168.56.1 - - [25/Oct/2020:16:32:37 +0000] "GET /zentao/cron-ajaxExec-0.html HTTP/1.1" 200 131 "http://192.168.56.101/zentao/my-changepassword.html" "Mozilla/5.0 (Windows NT 10.0; Win64; x64) AppleWebKit/537.36 (KHTML, like Gecko) Chrome/86.0.4240.111 Safari/537.36"
192.168.56.1 - - [25/Oct/2020:16:32:41 +0000] "GET /zentao/my-profile.html HTTP/1.1" 200 131 "http://192.168.56.101/zentao/my-changepassword.html" "Mozilla/5.0 (Windows NT 10.0; Win64; x64) AppleWebKit/537.36 (KHTML, like Gecko) Chrome/86.0.4240.111 Safari/537.36"
192.168.56.1 - - [25/Oct/2020:16:32:41 +0000] "GET /zentao/my-changepassword.html HTTP/1.1" 200 4720 "http://192.168.56.101/zentao/my-profile.html" "Mozilla/5.0 (Windows NT 10.0; Win64; x64) AppleWebKit/537.36 (KHTML, like Gecko) Chrome/86.0.4240.111 Safari/537.36"
192.168.56.1 - - [25/Oct/2020:16:32:41 +0000] "GET /zentao/cron-ajaxExec-0.html HTTP/1.1" 200 131 "http://192.168.56.101/zentao/my-changepassword.html" "Mozilla/5.0 (Windows NT 10.0; Win64; x64) AppleWebKit/537.36 (KHTML, like Gecko) Chrome/86.0.4240.111 Safari/537.36"
192.168.56.1 - - [25/Oct/2020:16:32:49 +0000] "POST /zentao/my-changepassword.html HTTP/1.1" 200 175 "http://192.168.56.101/zentao/my-changepassword.html" "Mozilla/5.0 (Windows NT 10.0; Win64; x64) AppleWebKit/537.36 (KHTML, like Gecko) Chrome/86.0.4240.111 Safari/537.36"
127.0.0.1 - - [25/Oct/2020:16:33:07 +0000] "GET / HTTP/1.1" 200 56 "-" "Wget/1.19.4 (linux-gnu)"
127.0.0.1 - - [25/Oct/2020:16:33:22 +0000] "GET / HTTP/1.1" 200 56 "-" "Wget/1.19.4 (linux-gnu)"
192.168.56.1 - - [25/Oct/2020:16:33:26 +0000] "POST /zentao/my-changepassword.html HTTP/1.1" 200 175 "http://192.168.56.101/zentao/my-changepassword.html" "Mozilla/5.0 (Windows NT 10.0; Win64; x64) AppleWebKit/537.36 (KHTML, like Gecko) Chrome/86.0.4240.111 Safari/537.36"
127.0.0.1 - - [25/Oct/2020:16:33:37 +0000] "GET / HTTP/1.1" 200 56 "-" "Wget/1.19.4 (linux-gnu)"
192.168.56.1 - - [25/Oct/2020:16:33:44 +0000] "GET /zentao/my-profile.html HTTP/1.1" 200 131 "http://192.168.56.101/zentao/my-changepassword.html" "Mozilla/5.0 (Windows NT 10.0; Win64; x64) AppleWebKit/537.36 (KHTML, like Gecko) Chrome/86.0.4240.111 Safari/537.36"
192.168.56.1 - - [25/Oct/2020:16:33:44 +0000] "GET /zentao/my-changepassword.html HTTP/1.1" 200 4720 "http://192.168.56.101/zentao/my-profile.html" "Mozilla/5.0 (Windows NT 10.0; Win64; x64) AppleWebKit/537.36 (KHTML, like Gecko) Chrome/86.0.4240.111 Safari/537.36"
192.168.56.1 - - [25/Oct/2020:16:33:44 +0000] "GET /zentao/cron-ajaxExec-0.html HTTP/1.1" 200 131 "http://192.168.56.101/zentao/my-changepassword.html" "Mozilla/5.0 (Windows NT 10.0; Win64; x64) AppleWebKit/537.36 (KHTML, like Gecko) Chrome/86.0.4240.111 Safari/537.36"
192.168.56.1 - - [25/Oct/2020:16:33:46 +0000] "GET /zentao/product-index-no.html HTTP/1.1" 200 131 "http://192.168.56.101/zentao/my-changepassword.html" "Mozilla/5.0 (Windows NT 10.0; Win64; x64) AppleWebKit/537.36 (KHTML, like Gecko) Chrome/86.0.4240.111 Safari/537.36"
192.168.56.1 - - [25/Oct/2020:16:33:46 +0000] "GET /zentao/my-changepassword.html HTTP/1.1" 200 4721 "http://192.168.56.101/zentao/product-index-no.html" "Mozilla/5.0 (Windows NT 10.0; Win64; x64) AppleWebKit/537.36 (KHTML, like Gecko) Chrome/86.0.4240.111 Safari/537.36"
192.168.56.1 - - [25/Oct/2020:16:33:46 +0000] "GET /zentao/cron-ajaxExec-0.html HTTP/1.1" 200 131 "http://192.168.56.101/zentao/my-changepassword.html" "Mozilla/5.0 (Windows NT 10.0; Win64; x64) AppleWebKit/537.36 (KHTML, like Gecko) Chrome/86.0.4240.111 Safari/537.36"
192.168.56.1 - - [25/Oct/2020:16:33:47 +0000] "GET /zentao/product-index-no.html HTTP/1.1" 200 131 "http://192.168.56.101/zentao/my-changepassword.html" "Mozilla/5.0 (Windows NT 10.0; Win64; x64) AppleWebKit/537.36 (KHTML, like Gecko) Chrome/86.0.4240.111 Safari/537.36"
192.168.56.1 - - [25/Oct/2020:16:33:47 +0000] "GET /zentao/my-changepassword.html HTTP/1.1" 200 4719 "http://192.168.56.101/zentao/product-index-no.html" "Mozilla/5.0 (Windows NT 10.0; Win64; x64) AppleWebKit/537.36 (KHTML, like Gecko) Chrome/86.0.4240.111 Safari/537.36"
192.168.56.1 - - [25/Oct/2020:16:33:47 +0000] "GET /zentao/cron-ajaxExec-0.html HTTP/1.1" 200 131 "http://192.168.56.101/zentao/my-changepassword.html" "Mozilla/5.0 (Windows NT 10.0; Win64; x64) AppleWebKit/537.36 (KHTML, like Gecko) Chrome/86.0.4240.111 Safari/537.36"
127.0.0.1 - - [25/Oct/2020:16:34:07 +0000] "GET / HTTP/1.1" 200 56 "-" "Wget/1.19.4 (linux-gnu)"
127.0.0.1 - - [25/Oct/2020:16:34:07 +0000] "GET / HTTP/1.1" 200 56 "-" "Wget/1.19.4 (linux-gnu)"
192.168.56.1 - - [25/Oct/2020:16:34:10 +0000] "POST /zentao/my-changepassword.html HTTP/1.1" 200 175 "http://192.168.56.101/zentao/my-changepassword.html" "Mozilla/5.0 (Windows NT 10.0; Win64; x64) AppleWebKit/537.36 (KHTML, like Gecko) Chrome/86.0.4240.111 Safari/537.36"
127.0.0.1 - - [25/Oct/2020:16:34:37 +0000] "GET / HTTP/1.1" 200 56 "-" "Wget/1.19.4 (linux-gnu)"
192.168.56.1 - - [25/Oct/2020:16:34:50 +0000] "POST /zentao/my-changepassword.html HTTP/1.1" 200 132 "http://192.168.56.101/zentao/my-changepassword.html" "Mozilla/5.0 (Windows NT 10.0; Win64; x64) AppleWebKit/537.36 (KHTML, like Gecko) Chrome/86.0.4240.111 Safari/537.36"
192.168.56.1 - - [25/Oct/2020:16:34:50 +0000] "GET /zentao/my-profile.html HTTP/1.1" 302 - "http://192.168.56.101/zentao/my-changepassword.html" "Mozilla/5.0 (Windows NT 10.0; Win64; x64) AppleWebKit/537.36 (KHTML, like Gecko) Chrome/86.0.4240.111 Safari/537.36"
192.168.56.1 - - [25/Oct/2020:16:34:51 +0000] "GET /zentao/custom-flow.html HTTP/1.1" 200 1404 "http://192.168.56.101/zentao/my-changepassword.html" "Mozilla/5.0 (Windows NT 10.0; Win64; x64) AppleWebKit/537.36 (KHTML, like Gecko) Chrome/86.0.4240.111 Safari/537.36"
127.0.0.1 - - [25/Oct/2020:16:34:52 +0000] "GET / HTTP/1.1" 200 56 "-" "Wget/1.19.4 (linux-gnu)"
192.168.56.1 - - [25/Oct/2020:16:35:04 +0000] "POST /zentao/custom-flow.html HTTP/1.1" 200 119 "http://192.168.56.101/zentao/custom-flow.html" "Mozilla/5.0 (Windows NT 10.0; Win64; x64) AppleWebKit/537.36 (KHTML, like Gecko) Chrome/86.0.4240.111 Safari/537.36"
192.168.56.1 - - [25/Oct/2020:16:35:04 +0000] "GET /zentao/my/ HTTP/1.1" 200 3092 "http://192.168.56.101/zentao/custom-flow.html" "Mozilla/5.0 (Windows NT 10.0; Win64; x64) AppleWebKit/537.36 (KHTML, like Gecko) Chrome/86.0.4240.111 Safari/537.36"
192.168.56.1 - - [25/Oct/2020:16:35:05 +0000] "GET /zentao/my/ HTTP/1.1" 200 13685 "http://192.168.56.101/zentao/my/" "Mozilla/5.0 (Windows NT 10.0; Win64; x64) AppleWebKit/537.36 (KHTML, like Gecko) Chrome/86.0.4240.111 Safari/537.36"
192.168.56.1 - - [25/Oct/2020:16:35:05 +0000] "GET /zentao/js/jquery/tablesorter/metadata.js?v=12.3.2 HTTP/1.1" 200 1522 "http://192.168.56.101/zentao/my/" "Mozilla/5.0 (Windows NT 10.0; Win64; x64) AppleWebKit/537.36 (KHTML, like Gecko) Chrome/86.0.4240.111 Safari/537.36"
192.168.56.1 - - [25/Oct/2020:16:35:05 +0000] "GET /zentao/js/jquery/tablesorter/min.js?v=12.3.2 HTTP/1.1" 200 11028 "http://192.168.56.101/zentao/my/" "Mozilla/5.0 (Windows NT 10.0; Win64; x64) AppleWebKit/537.36 (KHTML, like Gecko) Chrome/86.0.4240.111 Safari/537.36"
192.168.56.1 - - [25/Oct/2020:16:35:05 +0000] "GET /zentao/favicon.ico HTTP/1.1" 200 117137 "http://192.168.56.101/zentao/my/" "Mozilla/5.0 (Windows NT 10.0; Win64; x64) AppleWebKit/537.36 (KHTML, like Gecko) Chrome/86.0.4240.111 Safari/537.36"
127.0.0.1 - - [25/Oct/2020:16:35:07 +0000] "GET / HTTP/1.1" 200 56 "-" "Wget/1.19.4 (linux-gnu)"
127.0.0.1 - - [25/Oct/2020:16:35:37 +0000] "GET / HTTP/1.1" 200 56 "-" "Wget/1.19.4 (linux-gnu)"
127.0.0.1 - - [25/Oct/2020:16:35:38 +0000] "GET / HTTP/1.1" 200 56 "-" "Wget/1.19.4 (linux-gnu)"
127.0.0.1 - - [25/Oct/2020:16:36:07 +0000] "GET / HTTP/1.1" 200 56 "-" "Wget/1.19.4 (linux-gnu)"
127.0.0.1 - - [25/Oct/2020:16:36:23 +0000] "GET / HTTP/1.1" 200 56 "-" "Wget/1.19.4 (linux-gnu)"
127.0.0.1 - - [25/Oct/2020:16:36:37 +0000] "GET / HTTP/1.1" 200 56 "-" "Wget/1.19.4 (linux-gnu)"
127.0.0.1 - - [25/Oct/2020:16:37:07 +0000] "GET / HTTP/1.1" 200 56 "-" "Wget/1.19.4 (linux-gnu)"
127.0.0.1 - - [25/Oct/2020:16:37:08 +0000] "GET / HTTP/1.1" 200 56 "-" "Wget/1.19.4 (linux-gnu)"
127.0.0.1 - - [25/Oct/2020:16:37:37 +0000] "GET / HTTP/1.1" 200 56 "-" "Wget/1.19.4 (linux-gnu)"
127.0.0.1 - - [25/Oct/2020:16:37:53 +0000] "GET / HTTP/1.1" 200 56 "-" "Wget/1.19.4 (linux-gnu)"
127.0.0.1 - - [25/Oct/2020:16:38:07 +0000] "GET / HTTP/1.1" 200 56 "-" "Wget/1.19.4 (linux-gnu)"
127.0.0.1 - - [25/Oct/2020:16:38:37 +0000] "GET / HTTP/1.1" 200 56 "-" "Wget/1.19.4 (linux-gnu)"
127.0.0.1 - - [25/Oct/2020:16:38:38 +0000] "GET / HTTP/1.1" 200 56 "-" "Wget/1.19.4 (linux-gnu)"
127.0.0.1 - - [25/Oct/2020:16:39:07 +0000] "GET / HTTP/1.1" 200 56 "-" "Wget/1.19.4 (linux-gnu)"
127.0.0.1 - - [25/Oct/2020:16:39:23 +0000] "GET / HTTP/1.1" 200 56 "-" "Wget/1.19.4 (linux-gnu)"
127.0.0.1 - - [25/Oct/2020:16:39:37 +0000] "GET / HTTP/1.1" 200 56 "-" "Wget/1.19.4 (linux-gnu)"
192.168.56.1 - - [25/Oct/2020:16:40:06 +0000] "GET /zentao/message-ajaxGetMessage-1.html HTTP/1.1" 200 - "http://192.168.56.101/zentao/my/" "Mozilla/5.0 (Windows NT 10.0; Win64; x64) AppleWebKit/537.36 (KHTML, like Gecko) Chrome/86.0.4240.111 Safari/537.36"
127.0.0.1 - - [25/Oct/2020:16:40:07 +0000] "GET / HTTP/1.1" 200 56 "-" "Wget/1.19.4 (linux-gnu)"
127.0.0.1 - - [25/Oct/2020:16:40:09 +0000] "GET / HTTP/1.1" 200 56 "-" "Wget/1.19.4 (linux-gnu)"
127.0.0.1 - - [25/Oct/2020:16:40:37 +0000] "GET / HTTP/1.1" 200 56 "-" "Wget/1.19.4 (linux-gnu)"
127.0.0.1 - - [25/Oct/2020:16:40:54 +0000] "GET / HTTP/1.1" 200 56 "-" "Wget/1.19.4 (linux-gnu)"
127.0.0.1 - - [25/Oct/2020:16:41:07 +0000] "GET / HTTP/1.1" 200 56 "-" "Wget/1.19.4 (linux-gnu)"
